Microchip MPLAB XC8 Compiler V2.31

Linker command line:

-W-3 --edf=C:\Program Files\Microchip\xc8\v2.31\pic\dat\en_msgs.txt -cn \
  -h+dist/default/production\PIC_LCD_Lib.X.production.sym \
  --cmf=dist/default/production\PIC_LCD_Lib.X.production.cmf -z -Q18F46K22 \
  -oC:\Users\dell\AppData\Local\Temp\sj1o.2 --defsym=__MPLAB_BUILD=1 \
  -Mdist/default/production/PIC_LCD_Lib.X.production.map -E1 \
  -ver=XC8 Compiler --acfsm=1493 -ASTACK=060h-0F37h -pstack=STACK \
  -ACODE=00h-0FFFFh -ACONST=00h-0FFFFh -ASMALLCONST=01000h-010FFhx240 \
  -AMEDIUMCONST=01000h-0FFFFh -ACOMRAM=01h-05Fh -AABS1=00h-0F37h \
  -ABIGRAM=01h-0F37h -ARAM=060h-0FFh,0100h-01FFhx14,0F00h-0F37h \
  -ABANK0=060h-0FFh -ABANK1=0100h-01FFh -ABANK2=0200h-02FFh \
  -ABANK3=0300h-03FFh -ABANK4=0400h-04FFh -ABANK5=0500h-05FFh \
  -ABANK6=0600h-06FFh -ABANK7=0700h-07FFh -ABANK8=0800h-08FFh \
  -ABANK9=0900h-09FFh -ABANK10=0A00h-0AFFh -ABANK11=0B00h-0BFFh \
  -ABANK12=0C00h-0CFFh -ABANK13=0D00h-0DFFh -ABANK14=0E00h-0EFFh \
  -ABANK15=0F00h-0F37h -ASFR=0F38h-0F5Fh,0F60h-0FFFh \
  -ACONFIG=0300000h-030000Dh -AIDLOC=0200000h-0200007h \
  -AEEDATA=0F00000h-0F003FFh -peeprom_data=EEDATA \
  -preset_vec=00h,intcode,intcodelo,powerup,init -pramtop=01000h \
  -psmallconst=SMALLCONST -pmediumconst=MEDIUMCONST -pconst=CONST \
  -AFARRAM=00h-00h \
  -prdata=COMRAM,nvrram=COMRAM,nvbit=COMRAM,rbss=COMRAM,rbit=COMRAM \
  -pfarbss=FARRAM,fardata=FARRAM,nvFARRAM=FARRAM \
  -pintsave_regs=BIGRAM,bigbss=BIGRAM,bigdata=BIGRAM -pbss=RAM \
  -pidata=CODE,irdata=CODE,ibigdata=CODE,ifardata=CODE -prparam=COMRAM \
  C:\Users\dell\AppData\Local\Temp\sj1o.o \
  dist/default/production\PIC_LCD_Lib.X.production.o 

Object code version is 3.11

Machine type is 18F46K22



                Name                               Link     Load   Length Selector   Space Scale
C:\Users\dell\AppData\Local\Temp\sj1o.o
                idloc                            200000   200000        8        0       5
                config                           300000   300000        E        0       4
                init                                  0        0        4        0       0
dist/default/production\PIC_LCD_Lib.X.production.o
                idloc                            200000   200000        8        0       5
                config                           300000   300000        E        0       4
                smallconst                         1000     1000        A      800       0
                text6                              1102     1102       20      805       0
                text5                              113E     113E        E      805       0
                text4                              1092     1092       3A      805       0
                text3                              10CC     10CC       36      805       0
                text2                              1130     1130        E      805       0
                text1                              1050     1050       42      805       0
                text0                              100A     100A       46      805       0
                cstackCOMRAM                          1        1        7        1       1
                cinit                              1122     1122        E      805       0

TOTAL           Name                               Link     Load   Length     Space
        CLASS   STACK          

        CLASS   CODE           
                init                                  0        0        4         0
                text6                              1102     1102       20         0
                text5                              113E     113E        E         0
                text4                              1092     1092       3A         0
                text3                              10CC     10CC       36         0
                text2                              1130     1130        E         0
                text1                              1050     1050       42         0
                text0                              100A     100A       46         0
                cinit                              1122     1122        E         0

        CLASS   CONST          

        CLASS   SMALLCONST     
                smallconst                         1000     1000        A         0

        CLASS   MEDIUMCONST    

        CLASS   COMRAM         
                cstackCOMRAM                          1        1        7         1

        CLASS   ABS1           

        CLASS   BIGRAM         

        CLASS   RAM            

        CLASS   BANK0          

        CLASS   BANK1          

        CLASS   BANK2          

        CLASS   BANK3          

        CLASS   BANK4          

        CLASS   BANK5          

        CLASS   BANK6          

        CLASS   BANK7          

        CLASS   BANK8          

        CLASS   BANK9          

        CLASS   BANK10         

        CLASS   BANK11         

        CLASS   BANK12         

        CLASS   BANK13         

        CLASS   BANK14         

        CLASS   BANK15         

        CLASS   SFR            

        CLASS   CONFIG         
                config                           300000   300000        E         4

        CLASS   IDLOC          
                idloc                            200000   200000        8         5

        CLASS   EEDATA         

        CLASS   FARRAM         



SEGMENTS        Name                           Load    Length   Top    Selector   Space  Class

                reset_vec                      000000  000004  000004         0       0  CODE    
                cstackCOMRAM                   000001  000007  000008         1       1  COMRAM  
                smallconst                     001000  00000A  00100A       800       0  SMALLCON
                text0                          00100A  000142  00114C       805       0  CODE    


UNUSED ADDRESS RANGES

        Name                Unused          Largest block    Delta
        BANK0            000060-0000FF               A0
        BANK1            000100-0001FF              100
        BANK10           000A00-000AFF              100
        BANK11           000B00-000BFF              100
        BANK12           000C00-000CFF              100
        BANK13           000D00-000DFF              100
        BANK14           000E00-000EFF              100
        BANK15           000F00-000F37               38
        BANK2            000200-0002FF              100
        BANK3            000300-0003FF              100
        BANK4            000400-0004FF              100
        BANK5            000500-0005FF              100
        BANK6            000600-0006FF              100
        BANK7            000700-0007FF              100
        BANK8            000800-0008FF              100
        BANK9            000900-0009FF              100
        BIGRAM           000008-000F37              F30
        CODE             000004-000FFF              FFC
                         00114C-00FFFF             EEB4
        COMRAM           000008-00005F               58
        CONST            000004-000FFF              FFC
                         00114C-00FFFF             EEB4
        EEDATA           F00000-F003FF              400
        MEDIUMCONST      00114C-00FFFF             EEB4
        RAM              000060-000F37              100
        SFR              000F38-000FFF               28
        SMALLCONST       00114C-00FFFF              100
        STACK            000060-000F37              ED8

                                  Symbol Table

LCD_GotoXY@satir          cstackCOMRAM 000003
LCD_GotoXY@sutun          cstackCOMRAM 000002
LCD_KomutGonder@komut     cstackCOMRAM 000001
LCD_MetinYaz@metin        cstackCOMRAM 000005
LCD_MetinYaz@str_satir    cstackCOMRAM 000007
LCD_MetinYaz@str_sutun    cstackCOMRAM 000004
LCD_VeriGonder@veri       cstackCOMRAM 000001
_ANSELC                   (abs)        000F3A
_ANSELD                   (abs)        000F3B
_LATC                     (abs)        000F8B
_LATC0                    (abs)        007C58
_LATC1                    (abs)        007C59
_LATD                     (abs)        000F8C
_LCD_Ayarla               text4        001092
_LCD_GotoXY               text3        0010CC
_LCD_KomutGonder          text5        00113E
_LCD_MetinYaz             text1        001050
_LCD_VeriGonder           text2        001130
_OSCCONbits               (abs)        000FD3
_OSCTUNEbits              (abs)        000F9B
_PORTC                    (abs)        000F82
_PORTD                    (abs)        000F83
_TRISC                    (abs)        000F94
_TRISD                    (abs)        000F95
__HRAM                    (abs)        000000
__Habs1                   abs1         000000
__Hbank0                  bank0        000000
__Hbank1                  bank1        000000
__Hbank10                 bank10       000000
__Hbank11                 bank11       000000
__Hbank12                 bank12       000000
__Hbank13                 bank13       000000
__Hbank14                 bank14       000000
__Hbank15                 bank15       000000
__Hbank2                  bank2        000000
__Hbank3                  bank3        000000
__Hbank4                  bank4        000000
__Hbank5                  bank5        000000
__Hbank6                  bank6        000000
__Hbank7                  bank7        000000
__Hbank8                  bank8        000000
__Hbank9                  bank9        000000
__Hbigbss                 bigbss       000000
__Hbigdata                bigdata      000000
__Hbigram                 bigram       000000
__Hbss                    bss          000000
__Hcinit                  cinit        000000
__Hclrtext                clrtext      000000
__Hcomram                 comram       000000
__Hconfig                 config       30000E
__Hconst                  const        000000
__HcstackCOMRAM           cstackCOMRAM 000000
__Hdata                   data         000000
__Heeprom_data            eeprom_data  000000
__Hfarbss                 farbss       000000
__Hfardata                fardata      000000
__Hibigdata               ibigdata     000000
__Hidata                  idata        000000
__Hidloc                  idloc        200008
__Hifardata               ifardata     000000
__Hinit                   init         000004
__Hintcode                intcode      000000
__Hintcode_body           intcode_body 000000
__Hintcodelo              intcodelo    000000
__Hintentry               intentry     000000
__Hintret                 intret       000000
__Hintsave_regs           intsave_regs 000000
__Hirdata                 irdata       000000
__Hmediumconst            mediumconst  000000
__HnvFARRAM               nvFARRAM     000000
__Hnvbit                  nvbit        000000
__Hnvrram                 nvrram       000000
__Hparam                  rparam       000000
__Hpowerup                powerup      000000
__Hram                    ram          000000
__Hramtop                 ramtop       001000
__Hrbit                   rbit         000000
__Hrbss                   rbss         000000
__Hrdata                  rdata        000000
__Hreset_vec              reset_vec    000000
__Hrparam                 rparam       000000
__Hsfr                    sfr          000000
__Hsmallconst             smallconst   00100A
__Hspace_0                (abs)        00114C
__Hspace_1                (abs)        000008
__Hspace_2                (abs)        000000
__Hspace_4                (abs)        60000E
__Hstack                  stack        000000
__Hstruct                 struct       000000
__Htemp                   temp         000000
__Htext                   text         000000
__Htext0                  text0        000000
__Htext1                  text1        000000
__Htext2                  text2        000000
__Htext3                  text3        000000
__Htext4                  text4        000000
__Htext5                  text5        000000
__Htext6                  text6        000000
__LRAM                    (abs)        000001
__Labs1                   abs1         000000
__Lbank0                  bank0        000000
__Lbank1                  bank1        000000
__Lbank10                 bank10       000000
__Lbank11                 bank11       000000
__Lbank12                 bank12       000000
__Lbank13                 bank13       000000
__Lbank14                 bank14       000000
__Lbank15                 bank15       000000
__Lbank2                  bank2        000000
__Lbank3                  bank3        000000
__Lbank4                  bank4        000000
__Lbank5                  bank5        000000
__Lbank6                  bank6        000000
__Lbank7                  bank7        000000
__Lbank8                  bank8        000000
__Lbank9                  bank9        000000
__Lbigbss                 bigbss       000000
__Lbigdata                bigdata      000000
__Lbigram                 bigram       000000
__Lbss                    bss          000000
__Lcinit                  cinit        000000
__Lclrtext                clrtext      000000
__Lcomram                 comram       000000
__Lconfig                 config       000000
__Lconst                  const        000000
__LcstackCOMRAM           cstackCOMRAM 000000
__Ldata                   data         000000
__Leeprom_data            eeprom_data  000000
__Lfarbss                 farbss       000000
__Lfardata                fardata      000000
__Libigdata               ibigdata     000000
__Lidata                  idata        000000
__Lidloc                  idloc        000000
__Lifardata               ifardata     000000
__Linit                   init         000000
__Lintcode                intcode      000000
__Lintcode_body           intcode_body 000000
__Lintcodelo              intcodelo    000000
__Lintentry               intentry     000000
__Lintret                 intret       000000
__Lintsave_regs           intsave_regs 000000
__Lirdata                 irdata       000000
__Lmediumconst            mediumconst  000000
__LnvFARRAM               nvFARRAM     000000
__Lnvbit                  nvbit        000000
__Lnvrram                 nvrram       000000
__Lparam                  rparam       000000
__Lpowerup                powerup      000000
__Lram                    ram          000000
__Lramtop                 ramtop       001000
__Lrbit                   rbit         000000
__Lrbss                   rbss         000000
__Lrdata                  rdata        000000
__Lreset_vec              reset_vec    000000
__Lrparam                 rparam       000000
__Lsfr                    sfr          000000
__Lsmallconst             smallconst   001000
__Lspace_0                (abs)        000000
__Lspace_1                (abs)        000000
__Lspace_2                (abs)        000000
__Lspace_4                (abs)        000000
__Lstack                  stack        000000
__Lstruct                 struct       000000
__Ltemp                   temp         000000
__Ltext                   text         000000
__Ltext0                  text0        000000
__Ltext1                  text1        000000
__Ltext2                  text2        000000
__Ltext3                  text3        000000
__Ltext4                  text4        000000
__Ltext5                  text5        000000
__Ltext6                  text6        000000
__S0                      (abs)        00114C
__S1                      (abs)        000008
__S2                      (abs)        000000
__S4                      (abs)        000000
__S5                      (abs)        000000
___inthi_sp               stack        000000
___intlo_sp               stack        000000
___param_bank             (abs)        000000
___rparam_used            (abs)        000001
___sp                     stack        000000
__accesstop               (abs)        000060
__activetblptr            (abs)        000001
__end_of_LCD_Ayarla       text4        0010CC
__end_of_LCD_GotoXY       text3        001102
__end_of_LCD_KomutGonder  text5        00114C
__end_of_LCD_MetinYaz     text1        001092
__end_of_LCD_VeriGonder   text2        00113E
__end_of__initialization  cinit        001122
__end_of_main             text0        001050
__end_of_pulseEnable      text6        001122
__initialization          cinit        001122
__mediumconst             mediumconst  000000
__pcinit                  cinit        001122
__pcstackCOMRAM           cstackCOMRAM 000001
__psmallconst             smallconst   001000
__ptext0                  text0        00100A
__ptext1                  text1        001050
__ptext2                  text2        001130
__ptext3                  text3        0010CC
__ptext4                  text4        001092
__ptext5                  text5        00113E
__ptext6                  text6        001102
__ramtop                  ramtop       001000
__size_of_LCD_Ayarla      (abs)        000000
__size_of_LCD_GotoXY      (abs)        000000
__size_of_LCD_KomutGonder (abs)        000000
__size_of_LCD_MetinYaz    (abs)        000000
__size_of_LCD_VeriGonder  (abs)        000000
__size_of_main            (abs)        000000
__size_of_pulseEnable     (abs)        000000
__smallconst              smallconst   001000
_main                     text0        00100A
_pulseEnable              text6        001102
end_of_initialization     cinit        001122
intlevel0                 text         000000
intlevel1                 text         000000
intlevel2                 text         000000
intlevel3                 text         000000
stackhi                   (abs)        000F37
stacklo                   (abs)        000060
start                     init         000000
start_initialization      cinit        001122


FUNCTION INFORMATION:

 *************** function _main *****************
 Defined at:
		line 77 in file "C:/Users/dell/Desktop/PIC_LCD_Lib/PIC_LCD_Lib.X/main.c"
 Parameters:    Size  Location     Type
		None
 Auto vars:     Size  Location     Type
		None
 Return value:  Size  Location     Type
                  1    wreg      void 
 Registers used:
		wreg, status,2, status,0, tblptrl, tblptrh, tblptru, cstack
 Tracked objects:
		On entry : 
		On exit  : 
		Unchanged: 
 Data sizes:     COMRAM   BANK0   BANK1   BANK2   BANK3   BANK4   BANK5   BANK6   BANK7   BANK8   BANK9  BANK10  BANK11  BANK12  BANK13  BANK14  BANK15
      Params:         0       0       0       0       0       0       0       0       0       0       0       0       0       0       0       0       0
      Locals:         0       0       0       0       0       0       0       0       0       0       0       0       0       0       0       0       0
      Temps:          0       0       0       0       0       0       0       0       0       0       0       0       0       0       0       0       0
      Totals:         0       0       0       0       0       0       0       0       0       0       0       0       0       0       0       0       0
Total ram usage:        0 bytes
 Hardware stack levels required when called:    4
 This function calls:
		_LCD_Ayarla
		_LCD_MetinYaz
 This function is called by:
		Startup code after reset
 This function uses a non-reentrant model


 *************** function _LCD_MetinYaz *****************
 Defined at:
		line 38 in file "C:/Users/dell/Desktop/PIC_LCD_Lib/PIC_LCD_Lib.X/lcd.c"
 Parameters:    Size  Location     Type
  str_satir       1    wreg     unsigned char 
  str_sutun       1    3[COMRAM] unsigned char 
  metin           2    4[COMRAM] PTR unsigned char 
		 -> STR_1(8), 
 Auto vars:     Size  Location     Type
  str_satir       1    6[COMRAM] unsigned char 
 Return value:  Size  Location     Type
                  1    wreg      void 
 Registers used:
		wreg, status,2, status,0, tblptrl, tblptrh, tblptru, cstack
 Tracked objects:
		On entry : 
		On exit  : 
		Unchanged: 
 Data sizes:     COMRAM   BANK0   BANK1   BANK2   BANK3   BANK4   BANK5   BANK6   BANK7   BANK8   BANK9  BANK10  BANK11  BANK12  BANK13  BANK14  BANK15
      Params:         3       0       0       0       0       0       0       0       0       0       0       0       0       0       0       0       0
      Locals:         1       0       0       0       0       0       0       0       0       0       0       0       0       0       0       0       0
      Temps:          0       0       0       0       0       0       0       0       0       0       0       0       0       0       0       0       0
      Totals:         4       0       0       0       0       0       0       0       0       0       0       0       0       0       0       0       0
Total ram usage:        4 bytes
 Hardware stack levels used:    1
 Hardware stack levels required when called:    3
 This function calls:
		_LCD_GotoXY
		_LCD_VeriGonder
 This function is called by:
		_main
 This function uses a non-reentrant model


 *************** function _LCD_VeriGonder *****************
 Defined at:
		line 30 in file "C:/Users/dell/Desktop/PIC_LCD_Lib/PIC_LCD_Lib.X/lcd.c"
 Parameters:    Size  Location     Type
  veri            1    wreg     unsigned char 
 Auto vars:     Size  Location     Type
  veri            1    0[COMRAM] unsigned char 
 Return value:  Size  Location     Type
                  1    wreg      void 
 Registers used:
		wreg, cstack
 Tracked objects:
		On entry : 
		On exit  : 
		Unchanged: 
 Data sizes:     COMRAM   BANK0   BANK1   BANK2   BANK3   BANK4   BANK5   BANK6   BANK7   BANK8   BANK9  BANK10  BANK11  BANK12  BANK13  BANK14  BANK15
      Params:         0       0       0       0       0       0       0       0       0       0       0       0       0       0       0       0       0
      Locals:         1       0       0       0       0       0       0       0       0       0       0       0       0       0       0       0       0
      Temps:          0       0       0       0       0       0       0       0       0       0       0       0       0       0       0       0       0
      Totals:         1       0       0       0       0       0       0       0       0       0       0       0       0       0       0       0       0
Total ram usage:        1 bytes
 Hardware stack levels used:    1
 Hardware stack levels required when called:    1
 This function calls:
		_pulseEnable
 This function is called by:
		_LCD_MetinYaz
 This function uses a non-reentrant model


 *************** function _LCD_GotoXY *****************
 Defined at:
		line 44 in file "C:/Users/dell/Desktop/PIC_LCD_Lib/PIC_LCD_Lib.X/lcd.c"
 Parameters:    Size  Location     Type
  satir           1    wreg     unsigned char 
  sutun           1    1[COMRAM] unsigned char 
 Auto vars:     Size  Location     Type
  satir           1    2[COMRAM] unsigned char 
 Return value:  Size  Location     Type
                  1    wreg      void 
 Registers used:
		wreg, status,2, status,0, cstack
 Tracked objects:
		On entry : 
		On exit  : 
		Unchanged: 
 Data sizes:     COMRAM   BANK0   BANK1   BANK2   BANK3   BANK4   BANK5   BANK6   BANK7   BANK8   BANK9  BANK10  BANK11  BANK12  BANK13  BANK14  BANK15
      Params:         1       0       0       0       0       0       0       0       0       0       0       0       0       0       0       0       0
      Locals:         1       0       0       0       0       0       0       0       0       0       0       0       0       0       0       0       0
      Temps:          0       0       0       0       0       0       0       0       0       0       0       0       0       0       0       0       0
      Totals:         2       0       0       0       0       0       0       0       0       0       0       0       0       0       0       0       0
Total ram usage:        2 bytes
 Hardware stack levels used:    1
 Hardware stack levels required when called:    2
 This function calls:
		_LCD_KomutGonder
 This function is called by:
		_LCD_MetinYaz
 This function uses a non-reentrant model


 *************** function _LCD_Ayarla *****************
 Defined at:
		line 13 in file "C:/Users/dell/Desktop/PIC_LCD_Lib/PIC_LCD_Lib.X/lcd.c"
 Parameters:    Size  Location     Type
		None
 Auto vars:     Size  Location     Type
		None
 Return value:  Size  Location     Type
                  1    wreg      void 
 Registers used:
		wreg, cstack
 Tracked objects:
		On entry : 
		On exit  : 
		Unchanged: 
 Data sizes:     COMRAM   BANK0   BANK1   BANK2   BANK3   BANK4   BANK5   BANK6   BANK7   BANK8   BANK9  BANK10  BANK11  BANK12  BANK13  BANK14  BANK15
      Params:         0       0       0       0       0       0       0       0       0       0       0       0       0       0       0       0       0
      Locals:         0       0       0       0       0       0       0       0       0       0       0       0       0       0       0       0       0
      Temps:          2       0       0       0       0       0       0       0       0       0       0       0       0       0       0       0       0
      Totals:         2       0       0       0       0       0       0       0       0       0       0       0       0       0       0       0       0
Total ram usage:        2 bytes
 Hardware stack levels used:    1
 Hardware stack levels required when called:    2
 This function calls:
		_LCD_KomutGonder
 This function is called by:
		_main
 This function uses a non-reentrant model


 *************** function _LCD_KomutGonder *****************
 Defined at:
		line 22 in file "C:/Users/dell/Desktop/PIC_LCD_Lib/PIC_LCD_Lib.X/lcd.c"
 Parameters:    Size  Location     Type
  komut           1    wreg     unsigned char 
 Auto vars:     Size  Location     Type
  komut           1    0[COMRAM] unsigned char 
 Return value:  Size  Location     Type
                  1    wreg      void 
 Registers used:
		wreg, cstack
 Tracked objects:
		On entry : 
		On exit  : 
		Unchanged: 
 Data sizes:     COMRAM   BANK0   BANK1   BANK2   BANK3   BANK4   BANK5   BANK6   BANK7   BANK8   BANK9  BANK10  BANK11  BANK12  BANK13  BANK14  BANK15
      Params:         0       0       0       0       0       0       0       0       0       0       0       0       0       0       0       0       0
      Locals:         1       0       0       0       0       0       0       0       0       0       0       0       0       0       0       0       0
      Temps:          0       0       0       0       0       0       0       0       0       0       0       0       0       0       0       0       0
      Totals:         1       0       0       0       0       0       0       0       0       0       0       0       0       0       0       0       0
Total ram usage:        1 bytes
 Hardware stack levels used:    1
 Hardware stack levels required when called:    1
 This function calls:
		_pulseEnable
 This function is called by:
		_LCD_Ayarla
		_LCD_GotoXY
 This function uses a non-reentrant model


 *************** function _pulseEnable *****************
 Defined at:
		line 3 in file "C:/Users/dell/Desktop/PIC_LCD_Lib/PIC_LCD_Lib.X/lcd.c"
 Parameters:    Size  Location     Type
		None
 Auto vars:     Size  Location     Type
		None
 Return value:  Size  Location     Type
                  1    wreg      void 
 Registers used:
		wreg
 Tracked objects:
		On entry : 
		On exit  : 
		Unchanged: 
 Data sizes:     COMRAM   BANK0   BANK1   BANK2   BANK3   BANK4   BANK5   BANK6   BANK7   BANK8   BANK9  BANK10  BANK11  BANK12  BANK13  BANK14  BANK15
      Params:         0       0       0       0       0       0       0       0       0       0       0       0       0       0       0       0       0
      Locals:         0       0       0       0       0       0       0       0       0       0       0       0       0       0       0       0       0
      Temps:          0       0       0       0       0       0       0       0       0       0       0       0       0       0       0       0       0
      Totals:         0       0       0       0       0       0       0       0       0       0       0       0       0       0       0       0       0
Total ram usage:        0 bytes
 Hardware stack levels used:    1
 This function calls:
		Nothing
 This function is called by:
		_LCD_KomutGonder
		_LCD_VeriGonder
 This function uses a non-reentrant model



MODULE INFORMATION

Module		Function		Class		Link	Load	Size
C:/Users/dell/Desktop/PIC_LCD_Lib/PIC_LCD_Lib.X/lcd.c
		_LCD_KomutGonder		CODE           	113E	0000	14
		_pulseEnable   		CODE           	1102	0000	32
		_LCD_MetinYaz  		CODE           	1050	0000	66
		_LCD_GotoXY    		CODE           	10CC	0000	54
		_LCD_VeriGonder		CODE           	1130	0000	14
		_LCD_Ayarla    		CODE           	1092	0000	58

C:/Users/dell/Desktop/PIC_LCD_Lib/PIC_LCD_Lib.X/lcd.c estimated size: 238

C:/Users/dell/Desktop/PIC_LCD_Lib/PIC_LCD_Lib.X/main.c
		_main          		CODE           	100A	0000	70

C:/Users/dell/Desktop/PIC_LCD_Lib/PIC_LCD_Lib.X/main.c estimated size: 70

shared
		__initialization		CODE           	1122	0000	1

shared estimated size: 1

